2026-01-18 22:48:30 [INFO]: Server running on port 3001
2026-01-18 22:48:30 [INFO]: User connected: op5xkSNxB08tFS1NAAAG
2026-01-18 22:48:31 [INFO]: User connected: 7bfgw1o5Hzc_qFpZAAAH
2026-01-18 22:48:31 [INFO]: User connected: 2wHBcjDomwN5tF7DAAAI
2026-01-18 22:48:31 [INFO]: User connected: yR8bh8dRjEhlIeUBAAAJ
2026-01-18 22:48:31 [INFO]: User connected: PfQKGdZxf1HbfcQ6AAAK
2026-01-18 22:48:31 [INFO]: User connected: 2BqF_kIbkZLgNScLAAAL
2026-01-18 22:48:31 [INFO]: User connected: ILNnAqz1Dv2Qw-pWAAAO
2026-01-18 22:48:31 [INFO]: User connected: LH8mbNxpSVWaMBK8AAAP
2026-01-18 22:48:32 [INFO]: User connected: BVLk0yeG4on4hDPLAAAU
2026-01-18 22:48:32 [INFO]: User connected: bHGksDiApjggaHVrAAAV
2026-01-18 22:48:32 [INFO]: User connected: 2YyhAf_cgOPlDzKdAAAW
2026-01-18 22:48:32 [INFO]: User connected: NBBbrhsWkK2rV4RJAAAX
2026-01-18 22:48:34 [INFO]: User connected: mR0oGV4t-CUVut9SAAAc
2026-01-18 22:48:34 [INFO]: User connected: JZK-8RAyBRUm2NsZAAAd
2026-01-18 22:48:34 [INFO]: User connected: Zzu0wrDZuvWpA2mcAAAe
2026-01-18 22:48:34 [INFO]: User connected: 9S0hGKLnw-RLIXjVAAAf
2026-01-18 22:48:34 [INFO]: User connected: wpuZ8COqvdxGG5mtAAAh
2026-01-18 22:48:35 [INFO]: User connected: _FB4n397fw7ywBSlAAAj
2026-01-18 22:48:36 [INFO]: User connected: q0RjMhjwfM490vdCAAAl
2026-01-18 22:49:24 [INFO]: User disconnected: wpuZ8COqvdxGG5mtAAAh
2026-01-18 22:49:24 [INFO]: User connected: n_305boC6YXd9HxcAAAn
2026-01-18 22:52:33 [INFO]: User connected: XlPntqmaIFntD5k0AAAp
2026-01-18 22:52:34 [INFO]: User connected: jJ_xvcBOhdd7TjY7AAAr
2026-01-18 22:52:43 [INFO]: System Power: true
2026-01-18 22:52:54 [INFO]: Item sorted into Bin 0
2026-01-18 22:52:58 [INFO]: Item sorted into Bin 0
2026-01-18 22:53:05 [INFO]: Item sorted into Bin 2
2026-01-18 22:53:09 [INFO]: Item sorted into Bin 2
2026-01-18 22:53:11 [INFO]: Item sorted into Bin 2
2026-01-18 22:53:13 [INFO]: Item sorted into Bin 2
2026-01-18 22:53:16 [INFO]: Item sorted into Bin 2
2026-01-18 22:53:18 [INFO]: Item sorted into Bin 2
2026-01-18 22:53:28 [INFO]: Item sorted into Bin 2
2026-01-18 22:53:30 [INFO]: Item sorted into Bin 3
2026-01-18 22:53:36 [INFO]: System Power: false
2026-01-18 22:54:12 [INFO]: User disconnected: jJ_xvcBOhdd7TjY7AAAr
2026-01-18 23:02:12 [INFO]: User connected: qmGJdhLfAsu58VBWAAAx
2026-01-18 23:02:12 [INFO]: User connected: pmoDlXmKeQqlIEuFAAAz
2026-01-18 23:02:12 [INFO]: User connected: OLiNzt6GgPCeSwWpAAA0
2026-01-18 23:02:12 [INFO]: User connected: jT2ksJSqbHHTUE9MAAA2
2026-01-18 23:02:12 [INFO]: User connected: TeesFk_zNKUc5HFlAAA3
2026-01-18 23:02:12 [INFO]: User connected: 9DOeueyL0Aq33KIhAAA4
2026-01-18 23:02:12 [INFO]: User connected: SDU5n503st9N7D2xAAA5
2026-01-18 23:03:45 [INFO]: User connected: _yvuSalxzRAOvZm_AAA7
2026-01-18 23:03:45 [INFO]: User connected: t4ATU4YvGeVaARg9AABA
2026-01-18 23:03:45 [INFO]: User connected: BXZ8HzzTfQVuHI75AABB
2026-01-18 23:03:45 [INFO]: User connected: zRcvU8qAq5LwIHmHAABE
2026-01-18 23:03:45 [INFO]: User connected: WUON1SjNc0ttOkp9AABF
2026-01-18 23:03:45 [INFO]: User connected: rQgWPojkCmY7YajlAABG
2026-01-18 23:03:45 [INFO]: User connected: qWyDYCBnU6k-JQhTAABH
2026-01-18 23:05:18 [INFO]: Server running on port 3001
2026-01-18 23:05:18 [INFO]: User connected: O73lau7b533UP2oAAAAa
2026-01-18 23:05:18 [INFO]: User connected: 1FEcWNvhiZKKCJptAAAb
2026-01-18 23:05:18 [INFO]: User connected: kChF23Va0h9kqIa_AAAc
2026-01-18 23:05:18 [INFO]: User connected: UTzJ_6wUZXzlISj1AAAd
2026-01-18 23:05:18 [INFO]: User connected: JD_m9Jk9AIhbuEQLAAAe
2026-01-18 23:05:18 [INFO]: User connected: deJXgHiRAE07YrJxAAAf
2026-01-18 23:05:18 [INFO]: User connected: ioXW-GehZFknAc24AAAg
2026-01-18 23:05:18 [INFO]: User connected: FXEVciSrqVw0-NvBAAAh
2026-01-18 23:05:18 [INFO]: User connected: TlIHzO1oAWOACC03AAAi
2026-01-18 23:05:18 [INFO]: User connected: U3KhpyL4vftZ4tA-AAAj
2026-01-18 23:05:18 [INFO]: User connected: 32UKeACIr0aWQBOpAAAk
2026-01-18 23:05:18 [INFO]: User connected: HGAFq-NqbnNgrMldAAAl
2026-01-18 23:05:18 [INFO]: User connected: RSKuqIGFSJ5itEJNAAAm
2026-01-18 23:05:18 [INFO]: User connected: CWaobMRNxS9LbJLxAAAn
2026-01-18 23:05:18 [INFO]: User connected: F9miI8lbiHS2mbLBAAAo
2026-01-18 23:05:18 [INFO]: User connected: qUBzLUHtHTH9Vj4zAAAp
2026-01-18 23:05:18 [INFO]: User connected: 5NKRaHyeWn3eWcbeAAAq
2026-01-18 23:05:18 [INFO]: User connected: PACV5DDifhN4Bq03AAAr
2026-01-18 23:05:18 [INFO]: User connected: rpsTe8cwXbMmAe4lAAAs
2026-01-18 23:05:18 [INFO]: User connected: iHDkRavYl42h16ozAAAt
2026-01-18 23:05:18 [INFO]: User connected: Uzs-WtoO4di6oEOeAAAu
2026-01-18 23:05:18 [INFO]: User connected: jidhSnL9cLgIPpnnAAAv
2026-01-18 23:05:18 [INFO]: User connected: 2HOEDMBa_k8BvB9qAAAw
2026-01-18 23:05:18 [INFO]: User connected: KHH-2S5ky3x4pFgLAAAx
2026-01-18 23:05:18 [INFO]: User connected: offDa3L3gDhiDoGRAAAy
2026-01-18 23:05:18 [INFO]: User connected: iBLUSxr6vWOjDtQJAAAz
2026-01-18 23:05:19 [INFO]: User connected: 68D6oqg1U3RoeazFAAA5
2026-01-18 23:05:19 [INFO]: User connected: iNqxNIDA_4orYZvqAAA6
2026-01-18 23:05:19 [INFO]: User connected: zlMA_bCXqNt7h3H3AAA7
2026-01-18 23:05:19 [INFO]: User connected: JGxd5HC4j4mje-3TAAA8
2026-01-18 23:05:19 [INFO]: User connected: M63oBkKkfj3KScMdAAA9
2026-01-18 23:05:20 [INFO]: User connected: MCEUdZWzJm2Xa-ZiAABA
2026-01-18 23:05:20 [INFO]: User connected: TQgiwpAPFx-Ghn8wAABB
2026-01-18 23:05:21 [INFO]: User connected: -VBfeG6TqI15vAsTAABD
2026-01-18 23:07:43 [INFO]: User disconnected: 32UKeACIr0aWQBOpAAAk
2026-01-18 23:07:43 [INFO]: User disconnected: jidhSnL9cLgIPpnnAAAv
2026-01-18 23:07:43 [INFO]: User disconnected: HGAFq-NqbnNgrMldAAAl
2026-01-18 23:07:43 [INFO]: User connected: o61ZgbfX_FLQoa7GAABF
2026-01-18 23:09:23 [INFO]: User connected: VKgTFFwiFyPDEOk7AABH
2026-01-18 23:09:23 [INFO]: User connected: 4l_tJAoeqJWCjPB0AABN
2026-01-18 23:09:23 [INFO]: User connected: 6Jve-M6J_HlV2GT-AABO
2026-01-18 23:09:23 [INFO]: User connected: 5pOqmRl-e1vlKKa5AABP
2026-01-18 23:09:23 [INFO]: User connected: giGTbBJp8XhzBTn8AABQ
2026-01-18 23:09:23 [INFO]: User connected: bJjkQYbtw2u-u0W4AABR
2026-01-18 23:09:23 [INFO]: User connected: sWrQP1I3jpw-jTa6AABT
2026-01-18 23:10:01 [INFO]: User disconnected: o61ZgbfX_FLQoa7GAABF
2026-01-18 23:10:01 [INFO]: User disconnected: VKgTFFwiFyPDEOk7AABH
2026-01-18 23:10:01 [INFO]: User connected: I1tw-xthmatTZVZLAABV
2026-01-18 23:18:30 [INFO]: User connected: 9VBhW3bW2MNsPb6hAABa
2026-01-18 23:18:30 [INFO]: User connected: OCLPRkrtWe99DySgAABd
2026-01-18 23:18:30 [INFO]: User connected: 8ilPbaRg5Rd0vk7sAABe
2026-01-18 23:18:30 [INFO]: User connected: xN9d975QPeaYmf05AABf
2026-01-18 23:18:30 [INFO]: User connected: HD9NrGoX7Gx6VXbqAABh
2026-01-18 23:18:30 [INFO]: User connected: KDXAfWVixFR_cHTAAABi
2026-01-18 23:18:30 [INFO]: User connected: GvYf7tpxptBnniESAABj
2026-01-18 23:18:57 [INFO]: User connected: eVza2xEpJCcu1TZHAABr
2026-01-18 23:18:57 [INFO]: User connected: 9LfS4hz9ZdUrHLn9AABs
2026-01-18 23:18:57 [INFO]: User connected: j3lBbN8TIyldI5TnAABt
2026-01-18 23:18:57 [INFO]: User connected: IVjdcU9f6ECuVz51AABu
2026-01-18 23:18:57 [INFO]: User connected: mj_x4YgSaZIY91NMAABv
2026-01-18 23:18:57 [INFO]: User connected: Z53nBKhahF6bc29CAABw
2026-01-18 23:18:57 [INFO]: User connected: jp1YPyXTQLrrjkmmAABx
2026-01-18 23:20:22 [INFO]: User disconnected: I1tw-xthmatTZVZLAABV
2026-01-18 23:20:22 [INFO]: User disconnected: 9LfS4hz9ZdUrHLn9AABs
2026-01-18 23:20:22 [INFO]: User disconnected: GvYf7tpxptBnniESAABj
2026-01-18 23:20:22 [INFO]: User connected: 7u4RtaxmEe_5a_-AAABz
2026-01-18 23:25:30 [INFO]: User disconnected: 7u4RtaxmEe_5a_-AAABz
2026-01-18 23:25:31 [INFO]: User connected: LJSD58gTC1kdG7JXAAB1
2026-01-18 23:33:26 [INFO]: User connected: VCRWiHa9tLgxzKD1AAB4
2026-01-18 23:33:26 [INFO]: User connected: v2Q6-MvH2c3YjgC-AAB-
2026-01-18 23:33:26 [INFO]: User connected: LEiLw-ZhLfNUDWeWAAB_
2026-01-18 23:33:26 [INFO]: User connected: ojTS1ciXuMGkFIW5AACA
2026-01-18 23:33:26 [INFO]: User connected: fqO0fdTqPsT8uwexAACB
2026-01-18 23:33:26 [INFO]: User connected: WoCHVdkuvMeZcI4GAACC
2026-01-18 23:33:26 [INFO]: User connected: QTSbodETnCawaTcTAACD
2026-01-18 23:34:16 [INFO]: User disconnected: LJSD58gTC1kdG7JXAAB1
2026-01-18 23:34:16 [INFO]: User disconnected: v2Q6-MvH2c3YjgC-AAB-
2026-01-18 23:34:17 [INFO]: User connected: 0gua6dhQpO3wnbRMAACF
2026-01-18 23:38:41 [INFO]: User connected: TLsKGplljQUyTJnwAACJ
2026-01-18 23:38:41 [INFO]: User connected: NAal_Dzig-rDGuAcAACM
2026-01-18 23:38:41 [INFO]: User connected: 2vzQmRFd1sU2gWRoAACN
2026-01-18 23:38:41 [INFO]: User connected: NUdwddL5_UHvK5QgAACQ
2026-01-18 23:38:41 [INFO]: User connected: UssjZg89_9HUfex5AACR
2026-01-18 23:38:41 [INFO]: User connected: PuXrM-YGq8V5JX4EAACS
2026-01-18 23:38:41 [INFO]: User connected: HLwhpauKgPK0WmQLAACT
2026-01-18 23:42:13 [INFO]: User disconnected: 0gua6dhQpO3wnbRMAACF
2026-01-18 23:42:13 [INFO]: User disconnected: HLwhpauKgPK0WmQLAACT
2026-01-18 23:42:13 [INFO]: User connected: WplcpDEhaEBV6sG1AACV
2026-01-18 23:44:03 [INFO]: User disconnected: WplcpDEhaEBV6sG1AACV
2026-01-18 23:44:03 [INFO]: User connected: GoFn3c9J2toHAxU5AACX
2026-01-18 23:49:13 [INFO]: User disconnected: GoFn3c9J2toHAxU5AACX
2026-01-18 23:49:49 [INFO]: Server running on port 3001
2026-01-18 23:49:49 [INFO]: User connected: oBkn7C58NbARtyvUAAAk
2026-01-18 23:49:49 [INFO]: User connected: 7bXdHHtLxjyWTIvjAAAl
2026-01-18 23:49:49 [INFO]: User connected: YoJXNSvBq82qwVBrAAAm
2026-01-18 23:49:49 [INFO]: User connected: lmoCX62qiWZyGDntAAAn
2026-01-18 23:49:49 [INFO]: User connected: iEf1l7hoxGlcd_GnAAAo
2026-01-18 23:49:49 [INFO]: User connected: wY5qa6TkC8BAlngZAAAp
2026-01-18 23:49:49 [INFO]: User connected: 12kO9z4HtpTgKH-sAAAq
2026-01-18 23:49:49 [INFO]: User connected: JiKYepEN4ytsJLs8AAAr
2026-01-18 23:49:49 [INFO]: User connected: tPMML9gzFaI5XJmRAAAs
2026-01-18 23:49:49 [INFO]: User connected: 3MkC5a6TfYuWeVXvAAAt
2026-01-18 23:49:49 [INFO]: User connected: LAGgUdK6q7A72WEgAAAu
2026-01-18 23:49:49 [INFO]: User connected: Xg_gmmMY5tplOlPqAAAv
2026-01-18 23:49:49 [INFO]: User connected: b47FVy_daZ21XCfwAAAw
2026-01-18 23:49:49 [INFO]: User connected: W827j9ddSedUuXq3AAAx
2026-01-18 23:49:49 [INFO]: User connected: gi-syhHzEhspwD-qAAAy
2026-01-18 23:49:49 [INFO]: User connected: OHgUt8reqtyWlK03AAAz
2026-01-18 23:49:49 [INFO]: User connected: BgCRkjG3yUA7XcsWAAA0
2026-01-18 23:49:49 [INFO]: User connected: W1fs2wxh_VJVBQnLAAA1
2026-01-18 23:49:49 [INFO]: User connected: amacjvCc1s1gq-OOAAA2
2026-01-18 23:49:49 [INFO]: User connected: 6zeIVBjNr_sOXAb5AAA3
2026-01-18 23:49:49 [INFO]: User connected: 7oPf2mi8ytDWN8DSAAA4
2026-01-18 23:49:49 [INFO]: User connected: 4V2RDRMpUR6ue1TtAAA5
2026-01-18 23:49:49 [INFO]: User connected: _7YYDWUanwX581jbAAA6
2026-01-18 23:49:49 [INFO]: User connected: dKcAv-PjOQhcWXGHAAA7
2026-01-18 23:49:49 [INFO]: User connected: lJZEVlywt0uQvOmtAAA8
2026-01-18 23:49:49 [INFO]: User connected: Wvo1Vw-brTjzGUNYAAA9
2026-01-18 23:49:49 [INFO]: User connected: -ZeF4OuzHUDqLTueAAA-
2026-01-18 23:49:49 [INFO]: User connected: vdAB72CxFoWTm52gAAA_
2026-01-18 23:49:49 [INFO]: User connected: WIaI9sGfNWP5wJtfAABA
2026-01-18 23:49:49 [INFO]: User connected: FTj-Qj_z2kAHM7LKAABB
2026-01-18 23:49:49 [INFO]: User connected: WyFaCp73rJ8sR5KaAABC
2026-01-18 23:49:49 [INFO]: User connected: Ek0ZleZZvcfeDaO-AABD
2026-01-18 23:49:49 [INFO]: User connected: dut5sqNKVimh8h2jAABE
2026-01-18 23:49:49 [INFO]: User connected: Zo_lBx9Lc0j3V-4xAABF
2026-01-18 23:49:49 [INFO]: User connected: dc1vHIz8Y0OkERlpAABG
2026-01-18 23:49:49 [INFO]: User connected: LWO40cTd7em0arxvAABH
2026-01-18 23:49:50 [INFO]: User connected: UCRlCnSx1FNVJEVuAABJ
2026-01-18 23:49:51 [INFO]: User connected: L8JVg_LxxOA_OlKeAABL
2026-01-18 23:49:51 [INFO]: User connected: OIOP2cVnRaaa6g3-AABP
2026-01-18 23:49:51 [INFO]: User connected: KUqXNu8qNAiia5WoAABQ
2026-01-18 23:49:51 [INFO]: User connected: 0lkF3xZ6z68Y92RpAABR
2026-01-18 23:49:52 [INFO]: User connected: o7_SVU0gyEcJhT-ZAABU
2026-01-18 23:49:52 [INFO]: User connected: LDXoZIkEOUq72M1zAABV
2026-01-18 23:49:53 [INFO]: User connected: IXQ5fov3oyklkOtQAABZ
2026-01-18 23:49:53 [INFO]: User connected: HbTcfXwGTAGzvkqWAABa
2026-01-18 23:49:53 [INFO]: User connected: P5JRbAHxBfFzhqJfAABb
2026-01-18 23:49:54 [INFO]: User connected: oaLBBmXsVbXTwljNAABd
2026-01-18 23:49:58 [INFO]: User disconnected: L8JVg_LxxOA_OlKeAABL
2026-01-18 23:51:24 [INFO]: User connected: glkJqdJUs3EnpH4DAABf
2026-01-18 23:52:18 [INFO]: User connected: NCyR8LLMMra_njDcAABh
2026-01-18 23:52:42 [INFO]: User disconnected: oaLBBmXsVbXTwljNAABd
2026-01-18 23:52:42 [INFO]: User disconnected: NCyR8LLMMra_njDcAABh
2026-01-18 23:52:43 [INFO]: User connected: n8vGdamywO4OP1IDAABj
2026-01-18 23:56:32 [INFO]: User disconnected: n8vGdamywO4OP1IDAABj
2026-01-18 23:57:24 [INFO]: User connected: tjvFQEJidbUvTR8NAABl
2026-01-18 23:57:32 [INFO]: User disconnected: tjvFQEJidbUvTR8NAABl
2026-01-18 23:57:32 [INFO]: User connected: nil6Z1UuXgvyqSJwAABn
2026-01-18 23:57:39 [INFO]: User disconnected: nil6Z1UuXgvyqSJwAABn
2026-01-18 23:57:39 [INFO]: User disconnected: oBkn7C58NbARtyvUAAAk
2026-01-18 23:57:39 [INFO]: User disconnected: P5JRbAHxBfFzhqJfAABb
2026-01-18 23:57:39 [INFO]: User disconnected: IXQ5fov3oyklkOtQAABZ
2026-01-18 23:57:39 [INFO]: User disconnected: KUqXNu8qNAiia5WoAABQ
2026-01-18 23:57:39 [INFO]: User disconnected: dc1vHIz8Y0OkERlpAABG
2026-01-18 23:57:39 [INFO]: User disconnected: Ek0ZleZZvcfeDaO-AABD
2026-01-18 23:57:39 [INFO]: User disconnected: Wvo1Vw-brTjzGUNYAAA9
2026-01-18 23:57:39 [INFO]: User disconnected: 4V2RDRMpUR6ue1TtAAA5
2026-01-18 23:57:39 [INFO]: User disconnected: 12kO9z4HtpTgKH-sAAAq
2026-01-18 23:57:39 [INFO]: User disconnected: 7oPf2mi8ytDWN8DSAAA4
2026-01-18 23:57:39 [INFO]: User disconnected: 6zeIVBjNr_sOXAb5AAA3
2026-01-18 23:57:39 [INFO]: User disconnected: amacjvCc1s1gq-OOAAA2
2026-01-18 23:57:39 [INFO]: User disconnected: W1fs2wxh_VJVBQnLAAA1
2026-01-18 23:57:39 [INFO]: User disconnected: OHgUt8reqtyWlK03AAAz
2026-01-18 23:57:39 [INFO]: User disconnected: W827j9ddSedUuXq3AAAx
2026-01-18 23:57:39 [INFO]: User disconnected: Xg_gmmMY5tplOlPqAAAv
2026-01-18 23:57:39 [INFO]: User disconnected: Zo_lBx9Lc0j3V-4xAABF
2026-01-18 23:57:39 [INFO]: User disconnected: -ZeF4OuzHUDqLTueAAA-
2026-01-18 23:57:39 [INFO]: User disconnected: _7YYDWUanwX581jbAAA6
2026-01-18 23:57:39 [INFO]: User disconnected: gi-syhHzEhspwD-qAAAy
2026-01-18 23:57:39 [INFO]: User disconnected: b47FVy_daZ21XCfwAAAw
2026-01-18 23:57:39 [INFO]: User disconnected: LAGgUdK6q7A72WEgAAAu
2026-01-18 23:57:39 [INFO]: User disconnected: 3MkC5a6TfYuWeVXvAAAt
2026-01-18 23:57:39 [INFO]: User disconnected: tPMML9gzFaI5XJmRAAAs
2026-01-18 23:57:39 [INFO]: User disconnected: JiKYepEN4ytsJLs8AAAr
2026-01-18 23:57:39 [INFO]: User disconnected: wY5qa6TkC8BAlngZAAAp
2026-01-18 23:57:39 [INFO]: User disconnected: iEf1l7hoxGlcd_GnAAAo
2026-01-18 23:57:39 [INFO]: User disconnected: lmoCX62qiWZyGDntAAAn
2026-01-18 23:57:39 [INFO]: User disconnected: 0lkF3xZ6z68Y92RpAABR
2026-01-18 23:57:39 [INFO]: User disconnected: OIOP2cVnRaaa6g3-AABP
2026-01-18 23:57:39 [INFO]: User disconnected: LWO40cTd7em0arxvAABH
2026-01-18 23:57:39 [INFO]: User disconnected: WyFaCp73rJ8sR5KaAABC
2026-01-18 23:57:39 [INFO]: User disconnected: dKcAv-PjOQhcWXGHAAA7
2026-01-18 23:57:39 [INFO]: User disconnected: 7bXdHHtLxjyWTIvjAAAl
2026-01-18 23:57:39 [INFO]: User disconnected: dut5sqNKVimh8h2jAABE
2026-01-18 23:57:39 [INFO]: User disconnected: FTj-Qj_z2kAHM7LKAABB
2026-01-18 23:57:39 [INFO]: User disconnected: WIaI9sGfNWP5wJtfAABA
2026-01-18 23:57:39 [INFO]: User disconnected: vdAB72CxFoWTm52gAAA_
2026-01-18 23:57:39 [INFO]: User disconnected: lJZEVlywt0uQvOmtAAA8
2026-01-18 23:57:39 [INFO]: User disconnected: BgCRkjG3yUA7XcsWAAA0
2026-01-18 23:57:39 [INFO]: User disconnected: YoJXNSvBq82qwVBrAAAm
2026-01-18 23:57:39 [INFO]: User disconnected: HbTcfXwGTAGzvkqWAABa
2026-01-18 23:57:39 [INFO]: User disconnected: LDXoZIkEOUq72M1zAABV
2026-01-18 23:57:39 [INFO]: User disconnected: o7_SVU0gyEcJhT-ZAABU
2026-01-18 23:57:39 [INFO]: User disconnected: UCRlCnSx1FNVJEVuAABJ
2026-01-19 10:03:52 [INFO]: Server running on port 3001
2026-01-19 10:03:52 [INFO]: User connected: tNQE7yVy5trbE3TgAAAG
2026-01-19 10:03:52 [INFO]: User connected: h5RaVcyN5sShcjlAAAAH
2026-01-19 10:03:52 [INFO]: User connected: SEpa8t9NQi-FlsHUAAAI
2026-01-19 10:03:52 [INFO]: User connected: kE5RdlY5kw4LGX28AAAJ
2026-01-19 10:03:52 [INFO]: User connected: kPNWJb_YmSdpqrfiAAAK
2026-01-19 10:03:52 [INFO]: User connected: kc3kEFKvAcBq1ChMAAAL
2026-01-19 10:03:52 [INFO]: User connected: 5f_WeKTyliRrJEn7AAAO
2026-01-19 10:03:52 [INFO]: User connected: JKblK21fadT1USYHAAAP
2026-01-19 10:03:53 [INFO]: User connected: 2_Y_Yd5hd30yGWioAAAR
2026-01-19 10:03:54 [INFO]: User connected: CE3NKQxNdj4Q4lnnAAAT
2026-01-19 10:03:55 [INFO]: User connected: 5j8VPkC3dP5taAMyAAAV
2026-01-19 10:03:55 [INFO]: User connected: GcuTsmgPQF0YJ4EIAAAY
2026-01-19 10:03:55 [INFO]: User connected: clonvcQ6xTGXSz5_AAAZ
2026-01-19 10:03:55 [INFO]: User connected: cHY7ap62dg6ovogDAAAb
2026-01-19 10:03:55 [INFO]: User connected: ySJdLM4TiN83CdDrAAAd
2026-01-19 10:03:57 [INFO]: User connected: lGA9LwXqUlFRPx-IAAAf
2026-01-19 10:03:57 [INFO]: User connected: _melqpzYUql_RS2AAAAh
2026-01-19 10:03:57 [INFO]: User connected: I2zJrlvRJWWSAif5AAAj
2026-01-19 10:03:57 [INFO]: User connected: FmIVi8FrozxWQxQ0AAAl
2026-01-19 10:04:43 [INFO]: User disconnected: _melqpzYUql_RS2AAAAh
2026-01-19 10:04:47 [INFO]: User connected: m0NOkjk9pcDNP7_CAAAn
2026-01-19 10:04:50 [INFO]: User disconnected: m0NOkjk9pcDNP7_CAAAn
2026-01-19 10:04:53 [INFO]: Server running on port 3001
2026-01-19 10:04:53 [INFO]: User connected: 08n6R0VX8-dt6bs8AAAS
2026-01-19 10:04:53 [INFO]: User connected: lYHYMTv-EN2Q5yqCAAAT
2026-01-19 10:04:53 [INFO]: User connected: dTo3xwXEYLDixCswAAAU
2026-01-19 10:04:53 [INFO]: User connected: vf5lXXcYgO0WlnQ-AAAV
2026-01-19 10:04:53 [INFO]: User connected: SYvxQRyW3j7JrcinAAAW
2026-01-19 10:04:53 [INFO]: User connected: 1UbGJwH4Ua58v8u3AAAX
2026-01-19 10:04:53 [INFO]: User connected: oodm2nSW54VTpq8JAAAY
2026-01-19 10:04:53 [INFO]: User connected: -pI9npu_oomvb_zAAAAZ
2026-01-19 10:04:53 [INFO]: User connected: brN4rwX_0e_lgSR-AAAa
2026-01-19 10:04:53 [INFO]: User connected: XjSvt3ze4bflrvGXAAAb
2026-01-19 10:04:53 [INFO]: User connected: 56z-5mOkwVHmSShQAAAc
2026-01-19 10:04:53 [INFO]: User connected: on2yEbjg3WZ8e09XAAAd
2026-01-19 10:04:53 [INFO]: User connected: wY6UYVjUc5uVmeREAAAe
2026-01-19 10:04:53 [INFO]: User connected: GAQpUUmKm6pCXrfpAAAf
2026-01-19 10:04:53 [INFO]: User connected: 3qPXhbN2tOpBGAvOAAAg
2026-01-19 10:04:53 [INFO]: User connected: YdYBH7P1SsP2DCvMAAAh
2026-01-19 10:04:53 [INFO]: User connected: 4dmYvi9clZTLhcsMAAAi
2026-01-19 10:04:53 [INFO]: User connected: jyGnGblLYxFTtbPyAAAj
2026-01-19 10:04:58 [INFO]: User connected: pRwEyzddO4M7P-KbAAAl
2026-01-19 10:05:06 [INFO]: User connected: AdIbSblBts0zo80IAAAn
2026-01-19 10:05:07 [INFO]: Item sorted into Bin 0
2026-01-19 10:05:09 [INFO]: Item sorted into Bin 0
2026-01-19 10:05:11 [INFO]: Item sorted into Bin 0
2026-01-19 10:05:13 [INFO]: Item sorted into Bin 0
2026-01-19 10:05:15 [INFO]: Item sorted into Bin 0
2026-01-19 10:05:17 [INFO]: Item sorted into Bin 0
2026-01-19 10:05:19 [INFO]: Item sorted into Bin 0
2026-01-19 10:05:21 [INFO]: Item sorted into Bin 0
2026-01-19 10:05:24 [INFO]: Item sorted into Bin 0
2026-01-19 10:05:26 [INFO]: Item sorted into Bin 0
2026-01-19 10:05:28 [INFO]: Item sorted into Bin 0
2026-01-19 10:05:30 [INFO]: Item sorted into Bin 0
2026-01-19 10:05:32 [INFO]: Item sorted into Bin 0
2026-01-19 10:05:34 [INFO]: Item sorted into Bin 0
2026-01-19 10:05:36 [INFO]: Item sorted into Bin 0
2026-01-19 10:05:38 [INFO]: Item sorted into Bin 0
2026-01-19 10:05:40 [INFO]: Item sorted into Bin 0
2026-01-19 10:05:42 [INFO]: Item sorted into Bin 0
2026-01-19 10:05:44 [INFO]: Item sorted into Bin 0
2026-01-19 10:05:46 [INFO]: Item sorted into Bin 0
2026-01-19 10:05:48 [INFO]: Item sorted into Bin 0
2026-01-19 10:05:50 [INFO]: Item sorted into Bin 0
2026-01-19 10:05:52 [INFO]: Item sorted into Bin 0
2026-01-19 10:05:54 [INFO]: Item sorted into Bin 0
2026-01-19 10:05:55 [INFO]: Set Direction: Backward
2026-01-19 10:05:57 [INFO]: Item sorted into Bin 0
2026-01-19 10:05:59 [INFO]: Item sorted into Bin 0
2026-01-19 10:06:01 [INFO]: Item sorted into Bin 0
2026-01-19 10:06:03 [INFO]: Item sorted into Bin 0
2026-01-19 10:06:05 [INFO]: Item sorted into Bin 0
2026-01-19 10:06:07 [INFO]: Item sorted into Bin 0
2026-01-19 10:06:09 [INFO]: Item sorted into Bin 0
2026-01-19 10:06:59 [INFO]: Server running on port 3001
2026-01-19 10:06:59 [INFO]: User connected: LiiJHUce3xJYKxLwAAAG
2026-01-19 10:06:59 [INFO]: User connected: V_GkFHWepouWFZOAAAAH
2026-01-19 10:06:59 [INFO]: User connected: 23XXB99Vkp7DoxX9AAAI
2026-01-19 10:06:59 [INFO]: User connected: 1ZltR5oL3u71LOfmAAAJ
2026-01-19 10:06:59 [INFO]: User connected: KOek8HgdglBPPtYgAAAK
2026-01-19 10:06:59 [INFO]: User connected: 1t8XswvT3Xsmz9VXAAAL
2026-01-19 10:06:59 [INFO]: User connected: 4Y23mbyVroetvYJuAAAN
2026-01-19 10:06:59 [INFO]: User connected: -nPAUfhzUeAR3Z10AAAP
2026-01-19 10:07:01 [INFO]: User connected: S1BazUMTngR1WrosAAAR
2026-01-19 10:07:01 [INFO]: User connected: T0SNcrNG4Mrat1mzAAAT
2026-01-19 10:07:01 [INFO]: User connected: 4W5gg3-upK8u-OVWAAAW
2026-01-19 10:07:01 [INFO]: User connected: MFfHcq2XJvKkl5krAAAX
2026-01-19 10:07:01 [INFO]: User connected: EnTAuWonIzh2kzx5AAAZ
2026-01-19 10:07:01 [INFO]: User connected: w7t1XoauSHiJhwApAAAb
2026-01-19 10:07:03 [INFO]: User connected: tTuayPtYaQzg4khyAAAd
2026-01-19 10:07:03 [INFO]: User connected: gs-SFqWEI68xRqdKAAAf
2026-01-19 10:07:03 [INFO]: User connected: WXHmKONnk6SvdD4JAAAh
2026-01-19 10:07:04 [INFO]: User connected: cKEWKGg2DUep2ELIAAAj
2026-01-19 10:07:04 [INFO]: User connected: zQLeTaKiEwR1iJ4fAAAl
2026-01-19 10:07:04 [INFO]: User connected: Hxa2S-DNpDyzlNoOAAAn
2026-01-19 10:07:13 [INFO]: Item sorted into Bin 0
2026-01-19 10:07:15 [INFO]: Item sorted into Bin 0
2026-01-19 10:07:18 [INFO]: Item sorted into Bin 0
2026-01-19 10:07:19 [INFO]: System Power: true
2026-01-19 10:07:20 [INFO]: Item sorted into Bin 0
2026-01-19 10:07:22 [INFO]: Item sorted into Bin 0
2026-01-19 10:07:25 [INFO]: Item sorted into Bin 0
2026-01-19 10:07:28 [INFO]: Item sorted into Bin 0
